// Jest Snapshot v1, https://goo.gl/fbAQLP

exports[`Snapshot 1`] = `
Object {
  "Parameters": Object {
    "BootstrapVersion": Object {
      "Default": "/cdk-bootstrap/hnb659fds/version",
      "Description": "Version of the CDK Bootstrap resources in this environment, automatically retrieved from SSM Parameter Store. [cdk:skip]",
      "Type": "AWS::SSM::Parameter::Value<String>",
    },
  },
  "Resources": Object {
    "MyConstruct31AE4946": Object {
      "DeletionPolicy": "Delete",
      "Properties": Object {
        "GenerateSecretString": Object {},
      },
      "Type": "AWS::SecretsManager::Secret",
      "UpdateReplacePolicy": "Delete",
    },
  },
  "Rules": Object {
    "CheckBootstrapVersion": Object {
      "Assertions": Array [
        Object {
          "Assert": Object {
            "Fn::Not": Array [
              Object {
                "Fn::Contains": Array [
                  Array [
                    "1",
                    "2",
                    "3",
                    "4",
                    "5",
                  ],
                  Object {
                    "Ref": "BootstrapVersion",
                  },
                ],
              },
            ],
          },
          "AssertDescription": "CDK bootstrap stack version 6 required. Please run 'cdk bootstrap' with a recent version of the CDK CLI.",
        },
      ],
    },
  },
}
`;

exports[`Snapshot with full generate 1`] = `
Object {
  "Parameters": Object {
    "BootstrapVersion": Object {
      "Default": "/cdk-bootstrap/hnb659fds/version",
      "Description": "Version of the CDK Bootstrap resources in this environment, automatically retrieved from SSM Parameter Store. [cdk:skip]",
      "Type": "AWS::SSM::Parameter::Value<String>",
    },
  },
  "Resources": Object {
    "MyConstruct31AE4946": Object {
      "DeletionPolicy": "Delete",
      "Properties": Object {
        "GenerateSecretString": Object {},
      },
      "Type": "AWS::SecretsManager::Secret",
      "UpdateReplacePolicy": "Delete",
    },
    "MyConstructCustomResourceProviderframeworkonEventBF169DF9": Object {
      "DependsOn": Array [
        "MyConstructCustomResourceProviderframeworkonEventServiceRoleDefaultPolicyC93E95DC",
        "MyConstructCustomResourceProviderframeworkonEventServiceRoleB0CAA6AD",
      ],
      "Properties": Object {
        "Code": Object {
          "S3Bucket": Object {
            "Fn::Sub": "cdk-hnb659fds-assets-\${AWS::AccountId}-\${AWS::Region}",
          },
          "S3Key": "07a90cc3efdfc34da22208dcd9d211f06f5b0e01b21e778edc7c3966b1f61d57.zip",
        },
        "Description": "AWS CDK resource provider framework - onEvent (Default/MyConstruct/CustomResourceProvider)",
        "Environment": Object {
          "Variables": Object {
            "USER_ON_EVENT_FUNCTION_ARN": Object {
              "Fn::GetAtt": Array [
                "MyConstructEventHandlerFunctionB07B7FC3",
                "Arn",
              ],
            },
          },
        },
        "Handler": "framework.onEvent",
        "LoggingConfig": Object {
          "ApplicationLogLevel": "FATAL",
          "LogFormat": "JSON",
        },
        "Role": Object {
          "Fn::GetAtt": Array [
            "MyConstructCustomResourceProviderframeworkonEventServiceRoleB0CAA6AD",
            "Arn",
          ],
        },
        "Runtime": "nodejs22.x",
        "Timeout": 900,
      },
      "Type": "AWS::Lambda::Function",
    },
    "MyConstructCustomResourceProviderframeworkonEventServiceRoleB0CAA6AD": Object {
      "Properties": Object {
        "AssumeRolePolicyDocument": Object {
          "Statement": Array [
            Object {
              "Action": "sts:AssumeRole",
              "Effect": "Allow",
              "Principal": Object {
                "Service": "lambda.amazonaws.com",
              },
            },
          ],
          "Version": "2012-10-17",
        },
        "ManagedPolicyArns": Array [
          Object {
            "Fn::Join": Array [
              "",
              Array [
                "arn:",
                Object {
                  "Ref": "AWS::Partition",
                },
                ":iam::aws:policy/service-role/AWSLambdaBasicExecutionRole",
              ],
            ],
          },
        ],
      },
      "Type": "AWS::IAM::Role",
    },
    "MyConstructCustomResourceProviderframeworkonEventServiceRoleDefaultPolicyC93E95DC": Object {
      "Properties": Object {
        "PolicyDocument": Object {
          "Statement": Array [
            Object {
              "Action": "lambda:InvokeFunction",
              "Effect": "Allow",
              "Resource": Array [
                Object {
                  "Fn::GetAtt": Array [
                    "MyConstructEventHandlerFunctionB07B7FC3",
                    "Arn",
                  ],
                },
                Object {
                  "Fn::Join": Array [
                    "",
                    Array [
                      Object {
                        "Fn::GetAtt": Array [
                          "MyConstructEventHandlerFunctionB07B7FC3",
                          "Arn",
                        ],
                      },
                      ":*",
                    ],
                  ],
                },
              ],
            },
            Object {
              "Action": "lambda:GetFunction",
              "Effect": "Allow",
              "Resource": Object {
                "Fn::GetAtt": Array [
                  "MyConstructEventHandlerFunctionB07B7FC3",
                  "Arn",
                ],
              },
            },
          ],
          "Version": "2012-10-17",
        },
        "PolicyName": "MyConstructCustomResourceProviderframeworkonEventServiceRoleDefaultPolicyC93E95DC",
        "Roles": Array [
          Object {
            "Ref": "MyConstructCustomResourceProviderframeworkonEventServiceRoleB0CAA6AD",
          },
        ],
      },
      "Type": "AWS::IAM::Policy",
    },
    "MyConstructEventHandlerFunctionB07B7FC3": Object {
      "DependsOn": Array [
        "MyConstructEventHandlerFunctionServiceRoleDefaultPolicy7DBBB64D",
        "MyConstructEventHandlerFunctionServiceRoleC5471E87",
      ],
      "Properties": Object {
        "Code": Object {
          "S3Bucket": Object {
            "Fn::Sub": "cdk-hnb659fds-assets-\${AWS::AccountId}-\${AWS::Region}",
          },
          "S3Key": "30987770adb4f9485fef5df26c8581d947a5ea1b63bb69bd5d48eb449f2c4991.zip",
        },
        "Description": "src/EventHandler/EventHandler.lambda.ts",
        "Environment": Object {
          "Variables": Object {
            "AWS_NODEJS_CONNECTION_REUSE_ENABLED": "1",
          },
        },
        "Handler": "index.handler",
        "Role": Object {
          "Fn::GetAtt": Array [
            "MyConstructEventHandlerFunctionServiceRoleC5471E87",
            "Arn",
          ],
        },
        "Runtime": "nodejs20.x",
      },
      "Type": "AWS::Lambda::Function",
    },
    "MyConstructEventHandlerFunctionServiceRoleC5471E87": Object {
      "Properties": Object {
        "AssumeRolePolicyDocument": Object {
          "Statement": Array [
            Object {
              "Action": "sts:AssumeRole",
              "Effect": "Allow",
              "Principal": Object {
                "Service": "lambda.amazonaws.com",
              },
            },
          ],
          "Version": "2012-10-17",
        },
        "ManagedPolicyArns": Array [
          Object {
            "Fn::Join": Array [
              "",
              Array [
                "arn:",
                Object {
                  "Ref": "AWS::Partition",
                },
                ":iam::aws:policy/service-role/AWSLambdaBasicExecutionRole",
              ],
            ],
          },
        ],
      },
      "Type": "AWS::IAM::Role",
    },
    "MyConstructEventHandlerFunctionServiceRoleDefaultPolicy7DBBB64D": Object {
      "Properties": Object {
        "PolicyDocument": Object {
          "Statement": Array [
            Object {
              "Action": Array [
                "secretsmanager:PutSecretValue",
                "secretsmanager:UpdateSecret",
                "secretsmanager:UpdateSecretVersionStage",
              ],
              "Effect": "Allow",
              "Resource": Object {
                "Ref": "MyConstruct31AE4946",
              },
            },
            Object {
              "Action": Array [
                "secretsmanager:GetSecretValue",
                "secretsmanager:DescribeSecret",
              ],
              "Effect": "Allow",
              "Resource": Object {
                "Ref": "MyConstruct31AE4946",
              },
            },
            Object {
              "Action": "secretsmanager:GetRandomPassword",
              "Effect": "Allow",
              "Resource": "*",
            },
          ],
          "Version": "2012-10-17",
        },
        "PolicyName": "MyConstructEventHandlerFunctionServiceRoleDefaultPolicy7DBBB64D",
        "Roles": Array [
          Object {
            "Ref": "MyConstructEventHandlerFunctionServiceRoleC5471E87",
          },
        ],
      },
      "Type": "AWS::IAM::Policy",
    },
    "MyConstructGenerateSecretStringCRBC3BA5DB": Object {
      "DeletionPolicy": "Delete",
      "DependsOn": Array [
        "MyConstructCustomResourceProviderframeworkonEventBF169DF9",
        "MyConstructCustomResourceProviderframeworkonEventServiceRoleDefaultPolicyC93E95DC",
        "MyConstructCustomResourceProviderframeworkonEventServiceRoleB0CAA6AD",
        "MyConstructEventHandlerFunctionB07B7FC3",
        "MyConstructEventHandlerFunctionServiceRoleDefaultPolicy7DBBB64D",
        "MyConstructEventHandlerFunctionServiceRoleC5471E87",
        "MyConstruct31AE4946",
      ],
      "Properties": Object {
        "GenerateSecretString": Object {
          "generateStringKey": "password",
          "secretStringTemplate": "{}",
        },
        "Secret": Object {
          "Ref": "MyConstruct31AE4946",
        },
        "ServiceToken": Object {
          "Fn::GetAtt": Array [
            "MyConstructCustomResourceProviderframeworkonEventBF169DF9",
            "Arn",
          ],
        },
      },
      "Type": "Custom::GenerateSecretString",
      "UpdateReplacePolicy": "Delete",
    },
  },
  "Rules": Object {
    "CheckBootstrapVersion": Object {
      "Assertions": Array [
        Object {
          "Assert": Object {
            "Fn::Not": Array [
              Object {
                "Fn::Contains": Array [
                  Array [
                    "1",
                    "2",
                    "3",
                    "4",
                    "5",
                  ],
                  Object {
                    "Ref": "BootstrapVersion",
                  },
                ],
              },
            ],
          },
          "AssertDescription": "CDK bootstrap stack version 6 required. Please run 'cdk bootstrap' with a recent version of the CDK CLI.",
        },
      ],
    },
  },
}
`;

exports[`Snapshot without any generate 1`] = `
Object {
  "Parameters": Object {
    "BootstrapVersion": Object {
      "Default": "/cdk-bootstrap/hnb659fds/version",
      "Description": "Version of the CDK Bootstrap resources in this environment, automatically retrieved from SSM Parameter Store. [cdk:skip]",
      "Type": "AWS::SSM::Parameter::Value<String>",
    },
  },
  "Resources": Object {
    "MyConstruct31AE4946": Object {
      "DeletionPolicy": "Delete",
      "Properties": Object {
        "GenerateSecretString": Object {},
      },
      "Type": "AWS::SecretsManager::Secret",
      "UpdateReplacePolicy": "Delete",
    },
  },
  "Rules": Object {
    "CheckBootstrapVersion": Object {
      "Assertions": Array [
        Object {
          "Assert": Object {
            "Fn::Not": Array [
              Object {
                "Fn::Contains": Array [
                  Array [
                    "1",
                    "2",
                    "3",
                    "4",
                    "5",
                  ],
                  Object {
                    "Ref": "BootstrapVersion",
                  },
                ],
              },
            ],
          },
          "AssertDescription": "CDK bootstrap stack version 6 required. Please run 'cdk bootstrap' with a recent version of the CDK CLI.",
        },
      ],
    },
  },
}
`;
